// Jest Snapshot v1, https://goo.gl/fbAQLP

exports[`Testando o componente Main should render correctly 1`] = `
Object {
  "asFragment": [Function],
  "baseElement": <body>
    <div>
      <section
        class="MuiBox-root MuiBox-root-13 makeStyles-container-1"
      >
        <header
          class="MuiBox-root MuiBox-root-14 makeStyles-header-2"
        >
          Desafio Tecnico Softplan - Daniel Filgueira da Silva
        </header>
        <section
          class="MuiBox-root MuiBox-root-15 makeStyles-contentBox-3"
        >
          <header
            class="MuiBox-root MuiBox-root-16 makeStyles-titleContentBox-4"
          >
            Paises
          </header>
          <section
            class="MuiBox-root MuiBox-root-17 makeStyles-cards-5"
          />
          <form
            class="search"
          >
            <input
              type="text"
              value="teste"
            />
            <input
              type="submit"
              value="Digite"
            />
          </form>
        </section>
      </section>
    </div>
  </body>,
  "container": <div>
    <section
      class="MuiBox-root MuiBox-root-13 makeStyles-container-1"
    >
      <header
        class="MuiBox-root MuiBox-root-14 makeStyles-header-2"
      >
        Desafio Tecnico Softplan - Daniel Filgueira da Silva
      </header>
      <section
        class="MuiBox-root MuiBox-root-15 makeStyles-contentBox-3"
      >
        <header
          class="MuiBox-root MuiBox-root-16 makeStyles-titleContentBox-4"
        >
          Paises
        </header>
        <section
          class="MuiBox-root MuiBox-root-17 makeStyles-cards-5"
        />
        <form
          class="search"
        >
          <input
            type="text"
            value="teste"
          />
          <input
            type="submit"
            value="Digite"
          />
        </form>
      </section>
    </section>
  </div>,
  "debug": [Function],
  "findAllByAltText": [Function],
  "findAllByDisplayValue": [Function],
  "findAllByLabelText": [Function],
  "findAllByPlaceholderText": [Function],
  "findAllByRole": [Function],
  "findAllByTestId": [Function],
  "findAllByText": [Function],
  "findAllByTitle": [Function],
  "findByAltText": [Function],
  "findByDisplayValue": [Function],
  "findByLabelText": [Function],
  "findByPlaceholderText": [Function],
  "findByRole": [Function],
  "findByTestId": [Function],
  "findByText": [Function],
  "findByTitle": [Function],
  "getAllByAltText": [Function],
  "getAllByDisplayValue": [Function],
  "getAllByLabelText": [Function],
  "getAllByPlaceholderText": [Function],
  "getAllByRole": [Function],
  "getAllByTestId": [Function],
  "getAllByText": [Function],
  "getAllByTitle": [Function],
  "getByAltText": [Function],
  "getByDisplayValue": [Function],
  "getByLabelText": [Function],
  "getByPlaceholderText": [Function],
  "getByRole": [Function],
  "getByTestId": [Function],
  "getByText": [Function],
  "getByTitle": [Function],
  "queryAllByAltText": [Function],
  "queryAllByDisplayValue": [Function],
  "queryAllByLabelText": [Function],
  "queryAllByPlaceholderText": [Function],
  "queryAllByRole": [Function],
  "queryAllByTestId": [Function],
  "queryAllByText": [Function],
  "queryAllByTitle": [Function],
  "queryByAltText": [Function],
  "queryByDisplayValue": [Function],
  "queryByLabelText": [Function],
  "queryByPlaceholderText": [Function],
  "queryByRole": [Function],
  "queryByTestId": [Function],
  "queryByText": [Function],
  "queryByTitle": [Function],
  "rerender": [Function],
  "unmount": [Function],
}
`;
